[www.instagram.com/ustazpahrolmohamadjuoi/index.html]
[static.cdninstagram.com/rsrc.php/v3/yI/r/VsNE-OHk_8a.png]
[static.cdninstagram.com/rsrc.php/v3/yR/r/lam-fZmwmvn.png]
[static.cdninstagram.com/rsrc.php/v3/ys/r/aM-g435MtEX.png]
[static.cdninstagram.com/rsrc.php/v3/yx/r/H1l_HHqi4p6.png]
[static.cdninstagram.com/rsrc.php/v3/yB/r/-7Z_RkdLJUX.png]
[static.cdninstagram.com/rsrc.php/v3/yG/r/De-Dwpd5CHc.png]
[scontent.cdninstagram.com/v/t51.2885-19/62482824_2323644934622115_1079554856076705792_n51d1.jpg]
[backblue.gif]
[fade.gif]
[index.html]
[www.instagram.com/ustazpahrolmohamadjuoi/index7d7c.html]
[www.instagram.com/ustazpahrolmohamadjuoi/indexfef7.html]
[www.instagram.com/ustazpahrolmohamadjuoi/indexa209.html]
[www.instagram.com/ustazpahrolmohamadjuoi/index0016.html]
[static.cdninstagram.com/rsrc.php/v3/ym/l/0,cross/CoGhptSPU7JQlbTzI9CT8B1f8e.css]
[www.instagram.com/ustazpahrolmohamadjuoi/indexde3a.html]
[static.cdninstagram.com/rsrc.php/v3/yd/r/J6uH6YN8ptN1f8e.js]
[www.instagram.com/ustazpahrolmohamadjuoi/index0b8e.html]
[www.instagram.com/ustazpahrolmohamadjuoi/indexf854.html]
[www.instagram.com/ustazpahrolmohamadjuoi/index9e29.html]
[www.instagram.com/ustazpahrolmohamadjuoi/index232e.html]
[www.instagram.com/ustazpahrolmohamadjuoi/index28b7.html]
[www.instagram.com/ustazpahrolmohamadjuoi/indexc581.html]
[www.instagram.com/ustazpahrolmohamadjuoi/index6dd3.html]
[www.instagram.com/ustazpahrolmohamadjuoi/index539c.html]
[www.instagram.com/ustazpahrolmohamadjuoi/indexaaeb.html]
[www.instagram.com/ustazpahrolmohamadjuoi/indexdc29.html]
[www.instagram.com/ustazpahrolmohamadjuoi/indexecc8.html]
[static.cdninstagram.com/rsrc.php/v3/yW/r/FH24xaAhlnY1f8e.js]
[static.cdninstagram.com/rsrc.php/v3ithA4/yF/l/en_US/hORNHkVIIM61f8e.js]
[www.instagram.com/ustazpahrolmohamadjuoi/index014b.html]
[www.instagram.com/ustazpahrolmohamadjuoi/indexc91a.html]
[www.instagram.com/ustazpahrolmohamadjuoi/index7c40.html]
[www.instagram.com/ustazpahrolmohamadjuoi/index0cf2.html]
[www.instagram.com/ustazpahrolmohamadjuoi/index5a9d.html]
[www.instagram.com/ustazpahrolmohamadjuoi/index4017.html]
[www.instagram.com/ustazpahrolmohamadjuoi/indexb2db.html]
[www.instagram.com/ustazpahrolmohamadjuoi/index9201.html]
[www.instagram.com/ustazpahrolmohamadjuoi/index1672.html]
[www.instagram.com/ustazpahrolmohamadjuoi/index5083.html]
[static.cdninstagram.com/rsrc.php/v3/yO/l/0,cross/ZRy5_SlomL_Y4cGe61lJvqjKfGi-Gaq32WPrndevEYn8zyEpb6SJKFF1f8e.css]
[www.instagram.com/ustazpahrolmohamadjuoi/index7a92.html]
[www.instagram.com/ustazpahrolmohamadjuoi/indexc13b.html]
[www.instagram.com/ustazpahrolmohamadjuoi/index9e3e.html]
[www.instagram.com/ustazpahrolmohamadjuoi/index.html]
[www.instagram.com/ustazpahrolmohamadjuoi/indexd294.html]
[www.instagram.com/ustazpahrolmohamadjuoi/index9841.html]
[www.instagram.com/ustazpahrolmohamadjuoi/indexfef7.html]
[www.instagram.com/ustazpahrolmohamadjuoi/index0f5d.html]
[www.instagram.com/ustazpahrolmohamadjuoi/indexad0b.html]
[www.instagram.com/ustazpahrolmohamadjuoi/index5303.html]
[www.instagram.com/ustazpahrolmohamadjuoi/indexdb1e.html]
[www.instagram.com/ustazpahrolmohamadjuoi/indexe9b2.html]
[www.instagram.com/ustazpahrolmohamadjuoi/index7d7c.html]
[www.instagram.com/ustazpahrolmohamadjuoi/indexff11.html]
[www.instagram.com/ustazpahrolmohamadjuoi/index882e.html]
[www.instagram.com/ustazpahrolmohamadjuoi/indexf857.html]
[www.instagram.com/ustazpahrolmohamadjuoi/index6c7f.html]
[static.cdninstagram.com/rsrc.php/v3i4j24/yo/l/fr_FR/hORNHkVIIM61f8e.js]
[www.instagram.com/ustazpahrolmohamadjuoi/index327f.html]
[www.instagram.com/ustazpahrolmohamadjuoi/indexa209.html]
[www.instagram.com/ustazpahrolmohamadjuoi/index3a7e.html]
[www.instagram.com/ustazpahrolmohamadjuoi/index030f.html]
[www.instagram.com/ustazpahrolmohamadjuoi/indexb058.html]
[static.cdninstagram.com/rsrc.php/v3ioRq4/yK/l/it_IT/hORNHkVIIM61f8e.js]
[www.instagram.com/ustazpahrolmohamadjuoi/index9d29.html]
[www.instagram.com/ustazpahrolmohamadjuoi/index0016.html]
[www.instagram.com/ustazpahrolmohamadjuoi/index0fe5.html]
[www.instagram.com/ustazpahrolmohamadjuoi/indexc4e8.html]
[www.instagram.com/ustazpahrolmohamadjuoi/index2a81.html]
[www.instagram.com/ustazpahrolmohamadjuoi/index9c85.html]
[static.cdninstagram.com/rsrc.php/v3iqwW4/yI/l/de_DE/hORNHkVIIM61f8e.js]
[www.instagram.com/ustazpahrolmohamadjuoi/indexcfe2.html]
[www.instagram.com/ustazpahrolmohamadjuoi/index562e.html]
[www.instagram.com/ustazpahrolmohamadjuoi/indexde3a.html]
[static.cdninstagram.com/rsrc.php/v3ifbG4/yh/l/es_LA/hORNHkVIIM61f8e.js]
[www.instagram.com/ustazpahrolmohamadjuoi/index241a.html]
[www.instagram.com/ustazpahrolmohamadjuoi/index53ad.html]
[www.instagram.com/ustazpahrolmohamadjuoi/index9d00.html]
[www.instagram.com/ustazpahrolmohamadjuoi/indexf4a3.html]
[www.instagram.com/ustazpahrolmohamadjuoi/indexfafd.html]
[www.instagram.com/ustazpahrolmohamadjuoi/android-app_/com.instagram.android/https/instagram.com/_u/ustazpahrolmohamadjuoi/index.html]
[www.instagram.com/ustazpahrolmohamadjuoi/index514d.html]
[static.cdninstagram.com/rsrc.php/v3/yj/l/1,cross/CoGhptSPU7JQlbTzI9CT8B1f8e.css]
[static.cdninstagram.com/rsrc.php/v3icfa4/yz/l/en_US/wcjqhhMTq15fEsGiEgU8nemRmmwNckqXTAMBI80zJOUIWM1noZcUzxJcA-74PaH-IBKnKEpeX-SERhGhsrMaQLI7S8mNjAOqMa24qx9JyfaLhd2SwuMmk3V-D7cJtkEFemrqe36g42s-fGUHNN]
[www.instagram.com/ustazpahrolmohamadjuoi/theaustralian.com.au/index.html]
[static.cdninstagram.com/rsrc.php/v3iVMX4/yy/l/zh_CN/hORNHkVIIM61f8e.js]
[static.cdninstagram.com/rsrc.php/v3iu3n4/yP/l/en_US/oL8r9iFXDEP8ey5xz6BCo3a51R3K1p1zid658N8m3aUh8rTGPh-OS5bZRXZ0dieoDr3eXbxvZDHwdxJvBVDdeB-Ica7U8qELONoBTijTTWuFol9UHvgUc8ryvLQMXSA5fZ85AcszQE6UGFnZ_0]
[static.cdninstagram.com/rsrc.php/v3/yV/l/1,cross/ZRy5_SlomL_Y4cGe61lJvqjKfGi-Gaq32WPrndevEYn8zyEpb6SJKFF1f8e.css]
[www.instagram.com/ustazpahrolmohamadjuoi/index0b8e.html]
[www.instagram.com/ustazpahrolmohamadjuoi/kollosche.com.au/index.html]
[www.instagram.com/ustazpahrolmohamadjuoi/news.com.au/index.html]
[www.instagram.com/ustazpahrolmohamadjuoi/awstrack.me/index.html]
[www.instagram.com/ustazpahrolmohamadjuoi/aqHVRi/index.html]
[www.instagram.com/ustazpahrolmohamadjuoi/dWlwrb/index.html]
[www.instagram.com/ustazpahrolmohamadjuoi/indexf854.html]
[static.cdninstagram.com/rsrc.php/v3iQDH4/yG/l/zh_TW/hORNHkVIIM61f8e.js]
[static.cdninstagram.com/rsrc.php/v3iqFa4/yX/l/fr_FR/wcjqhhMTq15fEsGiEgU8nemRmmwNckqXTAMBI80zJOUIWM1noZcUzxJcA-74PaH-IBKnKEpeX-SERhGhsrMaQLI7S8mNjAOqMa24qx9JyfaLhd2SwuMmk3V-D7cJtkEFemrqe36g42s-fGUHNN]
[www.instagram.com/ustazpahrolmohamadjuoi/JlELIq/index.html]
[www.instagram.com/ustazpahrolmohamadjuoi/UqvdUq/index.html]
[static.cdninstagram.com/rsrc.php/v3iqwn4/ye/l/fr_FR/oL8r9iFXDEP8ey5xz6BCo3a51R3K1p1zid658N8m3aUh8rTGPh-OS5bZRXZ0dieoDr3eXbxvZDHwdxJvBVDdeB-Ica7U8qELONoBTijTTWuFol9UHvgUc8ryvLQMXSA5fZ85AcszQE6UGFnZ_0]
[static.cdninstagram.com/rsrc.php/v3inho4/ym/l/it_IT/fEsGiEgU8nemRmmwNckqXTAMBI80zJOUIWM1noZcUzxJcA-74PaH-IBqqu8GS1T5j2KnKEpeX-SERhGhsrMaQLI7S8mNjAOqMa24qx9JyfaLhd2SwuMmk3V-D7cJtkEFemrqe36g42s-fGUHNN]
[static.cdninstagram.com/rsrc.php/v3/y0/l/0,ja_JP/CoGhptSPU7JQlbTzI9CT8B1f8e.css]
[static.cdninstagram.com/rsrc.php/v3iTv94/yW/l/de_DE/wcjqhhMTq15fEsGiEgU8nemRmmwNckqXTAMBI80zJOUIWM1noZcUzxJcA-74PaH-IBKnKEpeX-SERhGhsrMaQLI7S8mNjAOqMa24qx9JyfaLhd2SwuMmk3V-D7cJtkEFemrqe36g42s-fGUHNN]
[static.cdninstagram.com/rsrc.php/v3iapz4/yw/l/ja_JP/hORNHkVIIM61f8e.js]
[static.cdninstagram.com/rsrc.php/v3imt-4/yp/l/de_DE/oL8r9iFXDEP8ey5xz6BCo3a51R3K1p1zid658N8m3aUh8rTGPh-OS5bZRXZ0dieoDr3eXbxvZDHwdxJvBVDdeB-Ica7U8qELONoBTijTTWuFol9UHvgUc8ryvLQMXSA5fZ85AcszQE6UGFnZ_0]
[static.cdninstagram.com/rsrc.php/v3/y0/l/0,ja_JP/ZRy5_SlomL_Y4cGe61lJvqjKfGi-Gaq32WPrndevEYn8zyEpb6SJKFF1f8e.css]
[www.instagram.com/ustazpahrolmohamadjuoi/index9e29.html]
[static.cdninstagram.com/rsrc.php/v3i2x94/y9/l/es_LA/wcjqhhMTq15fEsGiEgU8nemRmmwNckqXTAMBI80zJOUIWM1noZcUzxJcA-74PaH-IBKnKEpeX-SERhGhsrMaQLI7S8mNjAOqMa24qx9JyfaLhd2SwuMmk3V-D7cJtkEFemrqe36g42s-fGUHNN]
[static.cdninstagram.com/rsrc.php/v3i8264/yc/l/zh_CN/wcjqhhMTq15fEsGiEgU8nemRmmwNckqXTAMBI80zJOUIWM1noZcUzxJcA-74PaH-IBKnKEpeX-SERhGhsrMaQLI7S8mNjAOqMa24qx9JyfaLhd2SwuMmk3V-D7cJtkEFemrqe36g42s-fGUHNN]
[static.cdninstagram.com/rsrc.php/v3iP6l4/yV/l/it_IT/oL8r9iFXDEP8ey5xz6BCo3a51R3K1p1zid658N8m3aUh8rTGPh-OS5bZRXZ0dieoDr3eXbxvZDHwdxJvBVDdeB-Ica7U8qELONoBTijTTWuFol9UHvgUc8ryvLQMXSA5fZ85AcszQE6UGFnZ_0]
[static.cdninstagram.com/rsrc.php/v3iiVg4/y0/l/ko_KR/hORNHkVIIM61f8e.js]
[www.instagram.com/ustazpahrolmohamadjuoi/index232e.html]
[static.cdninstagram.com/rsrc.php/v3i2Pp4/yZ/l/zh_TW/wcjqhhMTq15fEsGiEgU8nemRmmwNckqXTAMBI80zJOUIWM1noZcUzxJcA-74PaH-IBKnKEpeX-SERhGhsrMaQLI7S8mNjAOqMa24qx9JyfaLhd2SwuMmk3V-D7cJtkEFemrqe36g42s-fGUHNN]
[static.cdninstagram.com/rsrc.php/v3i1rm4/yT/l/es_LA/oL8r9iFXDEP8ey5xz6BCo3a51R3K1p1zid658N8m3aUh8rTGPh-OS5bZRXZ0dieoDr3eXbxvZDHwdxJvBVDdeB-Ica7U8qELONoBTijTTWuFol9UHvgUc8ryvLQMXSA5fZ85AcszQE6UGFnZ_0]
[static.cdninstagram.com/rsrc.php/v3if1h4/yA/l/zh_TW/oL8r9iFXDEP8ey5xz6BCo3a51R3K1p1zid658N8m3aUh8rTGPh-OS5bZRXZ0dieoDr3eXbxvZDHwdxJvBVDdeB-Ica7U8qELONoBTijTTWuFol9UHvgUc8ryvLQMXSA5fZ85AcszQE6UGFnZ_0]
[static.cdninstagram.com/rsrc.php/v3i_Fj4/yL/l/ja_JP/wcjqhhMTq15fEsGiEgU8nemRmmwNckqXTAMBI80zJOUIWM1noZcUzxJcA-74PaH-IBKnKEpeX-SERhGhsrMaQLI7S8mNjAOqMa24qx9JyfaLhd2SwuMmk3V-D7cJtkEFemrqe36g42s-fGUHNN]
[static.cdninstagram.com/rsrc.php/v3i1SU4/yr/l/zh_CN/oL8r9iFXDEP8ey5xz6BCo3a51R3K1p1zid658N8m3aUh8rTGPh-OS5bZRXZ0dieoDr3eXbxvZDHwdxJvBVDdeB-Ica7U8qELONoBTijTTWuFol9UHvgUc8ryvLQMXSA5fZ85AcszQE6UGFnZ_0]
[static.cdninstagram.com/rsrc.php/v3ibsu4/y6/l/ko_KR/wcjqhhMTq15fEsGiEgU8nemRmmwNckqXTAMBI80zJOUIWM1noZcUzxJcA-74PaH-IBKnKEpeX-SERhGhsrMaQLI7S8mNjAOqMa24qx9JyfaLhd2SwuMmk3V-D7cJtkEFemrqe36g42s-fGUHNN]
[static.cdninstagram.com/rsrc.php/v3iV3j4/yV/l/pt_PT/hORNHkVIIM61f8e.js]
[www.instagram.com/ustazpahrolmohamadjuoi/index28b7.html]
[static.cdninstagram.com/rsrc.php/v3i2R54/yd/l/pt_PT/wcjqhhMTq15fEsGiEgU8nemRmmwNckqXTAMBI80zJOUIWM1noZcUzxJcA-74PaH-IBKnKEpeX-SERhGhsrMaQLI7S8mNjAOqMa24qx9JyfaLhd2SwuMmk3V-D7cJtkEFemrqe36g42s-fGUHNN]
[static.cdninstagram.com/rsrc.php/v3iS9T4/yV/l/pt_BR/hORNHkVIIM61f8e.js]
[static.cdninstagram.com/rsrc.php/v3iOhl4/yG/l/ja_JP/oL8r9iFXDEP8ey5xz6BCo3a51R3K1p1zid658N8m3aUh8rTGPh-OS5bZRXZ0dieoDr3eXbxvZDHwdxJvBVDdeB-Ica7U8qELONoBTijTTWuFol9UHvgUc8ryvLQMXSA5fZ85AcszQE6UGFnZ_0]
[www.instagram.com/ustazpahrolmohamadjuoi/index6dd3.html]
[static.cdninstagram.com/rsrc.php/v3ipjL4/y3/l/pt_BR/wcjqhhMTq15fEsGiEgU8nemRmmwNckqXTAMBI80zJOUIWM1noZcUzxJcA-74PaH-IBKnKEpeX-SERhGhsrMaQLI7S8mNjAOqMa24qx9JyfaLhd2SwuMmk3V-D7cJtkEFemrqe36g42s-fGUHNN]
[static.cdninstagram.com/rsrc.php/v3i7hP4/yb/l/af_ZA/hORNHkVIIM61f8e.js]
[www.instagram.com/ustazpahrolmohamadjuoi/indexc581.html]
[static.cdninstagram.com/rsrc.php/v3iLjW4/y0/l/ko_KR/oL8r9iFXDEP8ey5xz6BCo3a51R3K1p1zid658N8m3aUh8rTGPh-OS5bZRXZ0dieoDr3eXbxvZDHwdxJvBVDdeB-Ica7U8qELONoBTijTTWuFol9UHvgUc8ryvLQMXSA5fZ85AcszQE6UGFnZ_0]
[static.cdninstagram.com/rsrc.php/v3iUjt4/yI/l/af_ZA/wcjqhhMTq15fEsGiEgU8nemRmmwNckqXTAMBI80zJOUIWM1noZcUzxJcA-74PaH-IBKnKEpeX-SERhGhsrMaQLI7S8mNjAOqMa24qx9JyfaLhd2SwuMmk3V-D7cJtkEFemrqe36g42s-fGUHNN]
[static.cdninstagram.com/rsrc.php/v3iZm44/yu/l/pt_PT/oL8r9iFXDEP8ey5xz6BCo3a51R3K1p1zid658N8m3aUh8rTGPh-OS5bZRXZ0dieoDr3eXbxvZDHwdxJvBVDdeB-Ica7U8qELONoBTijTTWuFol9UHvgUc8ryvLQMXSA5fZ85AcszQE6UGFnZ_0]
[www.instagram.com/ustazpahrolmohamadjuoi/index539c.html]
[static.cdninstagram.com/rsrc.php/v3i9kJ4/yi/l/cs_CZ/hORNHkVIIM61f8e.js]
[static.cdninstagram.com/rsrc.php/v3iLQx4/yr/l/cs_CZ/wcjqhhMTq15fEsGiEgU8nemRmmwNckqXTAMBI80zJOUIWM1noZcUzxJcA-74PaH-IBKnKEpeX-SERhGhsrMaQLI7S8mNjAOqMa24qx9JyfaLhd2SwuMmk3V-D7cJtkEFemrqe36g42s-fGUHNN]
[static.cdninstagram.com/rsrc.php/v3iwNu4/yg/l/da_DK/hORNHkVIIM61f8e.js]
[www.instagram.com/ustazpahrolmohamadjuoi/indexecc8.html]
[static.cdninstagram.com/rsrc.php/v3iTTh4/yV/l/pt_BR/oL8r9iFXDEP8ey5xz6BCo3a51R3K1p1zid658N8m3aUh8rTGPh-OS5bZRXZ0dieoDr3eXbxvZDHwdxJvBVDdeB-Ica7U8qELONoBTijTTWuFol9UHvgUc8ryvLQMXSA5fZ85AcszQE6UGFnZ_0]
[static.cdninstagram.com/rsrc.php/v3injh4/y1/l/da_DK/wcjqhhMTq15fEsGiEgU8nemRmmwNckqXTAMBI80zJOUIWM1noZcUzxJcA-74PaH-IBKnKEpeX-SERhGhsrMaQLI7S8mNjAOqMa24qx9JyfaLhd2SwuMmk3V-D7cJtkEFemrqe36g42s-fGUHNN]
[static.cdninstagram.com/rsrc.php/v3iBcI4/y0/l/af_ZA/oL8r9iFXDEP8ey5xz6BCo3a51R3K1p1zid658N8m3aUh8rTGPh-OS5bZRXZ0dieoDr3eXbxvZDHwdxJvBVDdeB-Ica7U8qELONoBTijTTWuFol9UHvgUc8ryvLQMXSA5fZ85AcszQE6UGFnZ_0]
[www.instagram.com/ustazpahrolmohamadjuoi/indexaaeb.html]
[static.cdninstagram.com/rsrc.php/v3iYPV4/yL/l/cs_CZ/oL8r9iFXDEP8ey5xz6BCo3a51R3K1p1zid658N8m3aUh8rTGPh-OS5bZRXZ0dieoDr3eXbxvZDHwdxJvBVDdeB-Ica7U8qELONoBTijTTWuFol9UHvgUc8ryvLQMXSA5fZ85AcszQE6UGFnZ_0]
[static.cdninstagram.com/rsrc.php/v3i2Ha4/yH/l/el_GR/wcjqhhMTq15fEsGiEgU8nemRmmwNckqXTAMBI80zJOUIWM1noZcUzxJcA-74PaH-IBKnKEpeX-SERhGhsrMaQLI7S8mNjAOqMa24qx9JyfaLhd2SwuMmk3V-D7cJtkEFemrqe36g42s-fGUHNN]
[static.cdninstagram.com/rsrc.php/v3imBq4/yO/l/el_GR/hORNHkVIIM61f8e.js]
[www.instagram.com/ustazpahrolmohamadjuoi/indexdc29.html]
[static.cdninstagram.com/rsrc.php/v3iXoi4/yo/l/da_DK/oL8r9iFXDEP8ey5xz6BCo3a51R3K1p1zid658N8m3aUh8rTGPh-OS5bZRXZ0dieoDr3eXbxvZDHwdxJvBVDdeB-Ica7U8qELONoBTijTTWuFol9UHvgUc8ryvLQMXSA5fZ85AcszQE6UGFnZ_0]
[static.cdninstagram.com/rsrc.php/v3iimu4/yN/l/fi_FI/wcjqhhMTq15fEsGiEgU8nemRmmwNckqXTAMBI80zJOUIWM1noZcUzxJcA-74PaH-IBKnKEpeX-SERhGhsrMaQLI7S8mNjAOqMa24qx9JyfaLhd2SwuMmk3V-D7cJtkEFemrqe36g42s-fGUHNN]
[static.cdninstagram.com/rsrc.php/v3iHzL4/yU/l/fi_FI/hORNHkVIIM61f8e.js]
[static.cdninstagram.com/rsrc.php/v3i_QU4/y1/l/el_GR/oL8r9iFXDEP8ey5xz6BCo3a51R3K1p1zid658N8m3aUh8rTGPh-OS5bZRXZ0dieoDr3eXbxvZDHwdxJvBVDdeB-Ica7U8qELONoBTijTTWuFol9UHvgUc8ryvLQMXSA5fZ85AcszQE6UGFnZ_0]
[static.cdninstagram.com/rsrc.php/v3i3Bo4/yM/l/fi_FI/oL8r9iFXDEP8ey5xz6BCo3a51R3K1p1zid658N8m3aUh8rTGPh-OS5bZRXZ0dieoDr3eXbxvZDHwdxJvBVDdeB-Ica7U8qELONoBTijTTWuFol9UHvgUc8ryvLQMXSA5fZ85AcszQE6UGFnZ_0]
[www.instagram.com/ustazpahrolmohamadjuoi/index014b.html]
[static.cdninstagram.com/rsrc.php/v3iVVm4/yh/l/hr_HR/hORNHkVIIM61f8e.js]
[www.instagram.com/ustazpahrolmohamadjuoi/indexc91a.html]
[static.cdninstagram.com/rsrc.php/v3ijAb4/yT/l/hr_HR/wcjqhhMTq15fEsGiEgU8nemRmmwNckqXTAMBI80zJOUIWM1noZcUzxJcA-74PaH-IBKnKEpeX-SERhGhsrMaQLI7S8mNjAOqMa24qx9JyfaLhd2SwuMmk3V-D7cJtkEFemrqe36g42s-fGUHNN]
[static.cdninstagram.com/rsrc.php/v3iZcs4/yH/l/hu_HU/wcjqhhMTq15fEsGiEgU8nemRmmwNckqXTAMBI80zJOUIWM1noZcUzxJcA-74PaH-IBKnKEpeX-SERhGhsrMaQLI7S8mNjAOqMa24qx9JyfaLhd2SwuMmk3V-D7cJtkEFemrqe36g42s-fGUHNN]
[static.cdninstagram.com/rsrc.php/v3ipj44/yR/l/hu_HU/hORNHkVIIM61f8e.js]
[www.instagram.com/ustazpahrolmohamadjuoi/index0cf2.html]
[static.cdninstagram.com/rsrc.php/v3iU2I4/yx/l/id_ID/hORNHkVIIM61f8e.js]
[static.cdninstagram.com/rsrc.php/v3iiVy4/yn/l/id_ID/wcjqhhMTq15fEsGiEgU8nemRmmwNckqXTAMBI80zJOUIWM1noZcUzxJcA-74PaH-IBKnKEpeX-SERhGhsrMaQLI7S8mNjAOqMa24qx9JyfaLhd2SwuMmk3V-D7cJtkEFemrqe36g42s-fGUHNN]
[static.cdninstagram.com/rsrc.php/v3iOkX4/y8/l/ms_MY/hORNHkVIIM61f8e.js]
[www.instagram.com/ustazpahrolmohamadjuoi/index7c40.html]
[static.cdninstagram.com/rsrc.php/v3ikjC4/yS/l/hu_HU/oL8r9iFXDEP8ey5xz6BCo3a51R3K1p1zid658N8m3aUh8rTGPh-OS5bZRXZ0dieoDr3eXbxvZDHwdxJvBVDdeB-Ica7U8qELONoBTijTTWuFol9UHvgUc8ryvLQMXSA5fZ85AcszQE6UGFnZ_0]
[static.cdninstagram.com/rsrc.php/v3im7w4/yr/l/ms_MY/fEsGiEgU8nemRmmwNckqXTAMBI80zJOUIWM1noZcUzxJcA-74PaH-IBqqu8GS1T5j2KnKEpeX-SERhGhsrMaQLI7S8mNjAOqMa24qx9JyfaLhd2SwuMmk3V-D7cJtkEFemrqe36g42s-fGUHNN]
[static.cdninstagram.com/rsrc.php/v3if-t4/yQ/l/hr_HR/oL8r9iFXDEP8ey5xz6BCo3a51R3K1p1zid658N8m3aUh8rTGPh-OS5bZRXZ0dieoDr3eXbxvZDHwdxJvBVDdeB-Ica7U8qELONoBTijTTWuFol9UHvgUc8ryvLQMXSA5fZ85AcszQE6UGFnZ_0]
[www.instagram.com/ustazpahrolmohamadjuoi/index4017.html]
[static.cdninstagram.com/rsrc.php/v3iOU34/y1/l/nb_NO/hORNHkVIIM61f8e.js]
[static.cdninstagram.com/rsrc.php/v3irao4/y1/l/id_ID/oL8r9iFXDEP8ey5xz6BCo3a51R3K1p1zid658N8m3aUh8rTGPh-OS5bZRXZ0dieoDr3eXbxvZDHwdxJvBVDdeB-Ica7U8qELONoBTijTTWuFol9UHvgUc8ryvLQMXSA5fZ85AcszQE6UGFnZ_0]
[static.cdninstagram.com/rsrc.php/v3i5in4/yd/l/nb_NO/wcjqhhMTq15fEsGiEgU8nemRmmwNckqXTAMBI80zJOUIWM1noZcUzxJcA-74PaH-IBKnKEpeX-SERhGhsrMaQLI7S8mNjAOqMa24qx9JyfaLhd2SwuMmk3V-D7cJtkEFemrqe36g42s-fGUHNN]
[www.instagram.com/ustazpahrolmohamadjuoi/index5a9d.html]
[static.cdninstagram.com/rsrc.php/v3iEuR4/y-/l/nl_NL/hORNHkVIIM61f8e.js]
[static.cdninstagram.com/rsrc.php/v3iSzS4/ye/l/nl_NL/wcjqhhMTq15fEsGiEgU8nemRmmwNckqXTAMBI80zJOUIWM1noZcUzxJcA-74PaH-IBKnKEpeX-SERhGhsrMaQLI7S8mNjAOqMa24qx9JyfaLhd2SwuMmk3V-D7cJtkEFemrqe36g42s-fGUHNN]
[static.cdninstagram.com/rsrc.php/v3iXQn4/yZ/l/ms_MY/oL8r9iFXDEP8ey5xz6BCo3a51R3K1p1zid658N8m3aUh8rTGPh-OS5bZRXZ0dieoDr3eXbxvZDHwdxJvBVDdeB-Ica7U8qELONoBTijTTWuFol9UHvgUc8ryvLQMXSA5fZ85AcszQE6UGFnZ_0]
[www.instagram.com/ustazpahrolmohamadjuoi/indexb2db.html]
[static.cdninstagram.com/rsrc.php/v3iM_H4/yF/l/pl_PL/hORNHkVIIM61f8e.js]
[static.cdninstagram.com/rsrc.php/v3iv-m4/yL/l/pl_PL/fEsGiEgU8nemRmmwNckqXTAMBI80zJOUIWM1noZcUzxJcA-74PaH-IBqqu8GS1T5j2KnKEpeX-SERhGhsrMaQLI7S8mNjAOqMa24qx9JyfaLhd2SwuMmk3V-D7cJtkEFemrqe36g42s-fGUHNN]
[static.cdninstagram.com/rsrc.php/v3iDmR4/yI/l/nb_NO/oL8r9iFXDEP8ey5xz6BCo3a51R3K1p1zid658N8m3aUh8rTGPh-OS5bZRXZ0dieoDr3eXbxvZDHwdxJvBVDdeB-Ica7U8qELONoBTijTTWuFol9UHvgUc8ryvLQMXSA5fZ85AcszQE6UGFnZ_0]
[www.instagram.com/ustazpahrolmohamadjuoi/index9201.html]
[static.cdninstagram.com/rsrc.php/v3iGIv4/yK/l/ru_RU/hORNHkVIIM61f8e.js]
[static.cdninstagram.com/rsrc.php/v3iZXc4/yp/l/ru_RU/wcjqhhMTq15fEsGiEgU8nemRmmwNckqXTAMBI80zJOUIWM1noZcUzxJcA-74PaH-IBKnKEpeX-SERhGhsrMaQLI7S8mNjAOqMa24qx9JyfaLhd2SwuMmk3V-D7cJtkEFemrqe36g42s-fGUHNN]
[static.cdninstagram.com/rsrc.php/v3isKY4/y-/l/nl_NL/oL8r9iFXDEP8ey5xz6BCo3a51R3K1p1zid658N8m3aUh8rTGPh-OS5bZRXZ0dieoDr3eXbxvZDHwdxJvBVDdeB-Ica7U8qELONoBTijTTWuFol9UHvgUc8ryvLQMXSA5fZ85AcszQE6UGFnZ_0]
[www.instagram.com/ustazpahrolmohamadjuoi/index1672.html]
[static.cdninstagram.com/rsrc.php/v3iBEK4/y9/l/pl_PL/oL8r9iFXDEP8ey5xz6BCo3a51R3K1p1zid658N8m3aUh8rTGPh-OS5bZRXZ0dieoDr3eXbxvZDHwdxJvBVDdeB-Ica7U8qELONoBTijTTWuFol9UHvgUc8ryvLQMXSA5fZ85AcszQE6UGFnZ_0]
[static.cdninstagram.com/rsrc.php/v3iZZK4/yq/l/sk_SK/wcjqhhMTq15fEsGiEgU8nemRmmwNckqXTAMBI80zJOUIWM1noZcUzxJcA-74PaH-IBKnKEpeX-SERhGhsrMaQLI7S8mNjAOqMa24qx9JyfaLhd2SwuMmk3V-D7cJtkEFemrqe36g42s-fGUHNN]
[static.cdninstagram.com/rsrc.php/v3ix4_4/yb/l/sk_SK/hORNHkVIIM61f8e.js]
[www.instagram.com/ustazpahrolmohamadjuoi/index5083.html]
[static.cdninstagram.com/rsrc.php/v3ixzT4/yx/l/ru_RU/oL8r9iFXDEP8ey5xz6BCo3a51R3K1p1zid658N8m3aUh8rTGPh-OS5bZRXZ0dieoDr3eXbxvZDHwdxJvBVDdeB-Ica7U8qELONoBTijTTWuFol9UHvgUc8ryvLQMXSA5fZ85AcszQE6UGFnZ_0]
[static.cdninstagram.com/rsrc.php/v3iVjX4/ys/l/sv_SE/wcjqhhMTq15fEsGiEgU8nemRmmwNckqXTAMBI80zJOUIWM1noZcUzxJcA-74PaH-IBKnKEpeX-SERhGhsrMaQLI7S8mNjAOqMa24qx9JyfaLhd2SwuMmk3V-D7cJtkEFemrqe36g42s-fGUHNN]
[static.cdninstagram.com/rsrc.php/v3i21m4/ya/l/sv_SE/hORNHkVIIM61f8e.js]
[static.cdninstagram.com/rsrc.php/v3i2244/yI/l/sk_SK/oL8r9iFXDEP8ey5xz6BCo3a51R3K1p1zid658N8m3aUh8rTGPh-OS5bZRXZ0dieoDr3eXbxvZDHwdxJvBVDdeB-Ica7U8qELONoBTijTTWuFol9UHvgUc8ryvLQMXSA5fZ85AcszQE6UGFnZ_0]
[static.cdninstagram.com/rsrc.php/v3/yz/l/2,cross/CoGhptSPU7JQlbTzI9CT8B1f8e.css]
[static.cdninstagram.com/rsrc.php/v3ilnt4/yo/l/sv_SE/oL8r9iFXDEP8ey5xz6BCo3a51R3K1p1zid658N8m3aUh8rTGPh-OS5bZRXZ0dieoDr3eXbxvZDHwdxJvBVDdeB-Ica7U8qELONoBTijTTWuFol9UHvgUc8ryvLQMXSA5fZ85AcszQE6UGFnZ_0]
[static.cdninstagram.com/rsrc.php/v3iocE4/yG/l/th_TH/hORNHkVIIM61f8e.js]
[static.cdninstagram.com/rsrc.php/v3ixOV4/yu/l/th_TH/wcjqhhMTq15fEsGiEgU8nemRmmwNckqXTAMBI80zJOUIWM1noZcUzxJcA-74PaH-IBKnKEpeX-SERhGhsrMaQLI7S8mNjAOqMa24qx9JyfaLhd2SwuMmk3V-D7cJtkEFemrqe36g42s-fGUHNN]
[www.instagram.com/ustazpahrolmohamadjuoi/index7a92.html]
[static.cdninstagram.com/rsrc.php/v3/yf/l/2,cross/ZRy5_SlomL_Y4cGe61lJvqjKfGi-Gaq32WPrndevEYn8zyEpb6SJKFF1f8e.css]
[static.cdninstagram.com/rsrc.php/v3ikZ24/yl/l/th_TH/oL8r9iFXDEP8ey5xz6BCo3a51R3K1p1zid658N8m3aUh8rTGPh-OS5bZRXZ0dieoDr3eXbxvZDHwdxJvBVDdeB-Ica7U8qELONoBTijTTWuFol9UHvgUc8ryvLQMXSA5fZ85AcszQE6UGFnZ_0]
[www.instagram.com/ustazpahrolmohamadjuoi/indexc13b.html]
[static.cdninstagram.com/rsrc.php/v3im-D4/y0/l/tl_PH/wcjqhhMTq15fEsGiEgU8nemRmmwNckqXTAMBI80zJOUIWM1noZcUzxJcA-74PaH-IBKnKEpeX-SERhGhsrMaQLI7S8mNjAOqMa24qx9JyfaLhd2SwuMmk3V-D7cJtkEFemrqe36g42s-fGUHNN]
[static.cdninstagram.com/rsrc.php/v3iqn24/yn/l/tl_PH/hORNHkVIIM61f8e.js]
[www.instagram.com/ustazpahrolmohamadjuoi/index9e3e.html]
[static.cdninstagram.com/rsrc.php/v3i1yx4/ym/l/tr_TR/fEsGiEgU8nemRmmwNckqXTAMBI80zJOUIWM1noZcUzxJcA-74PaH-IBqqu8GS1T5j2KnKEpeX-SERhGhsrMaQLI7S8mNjAOqMa24qx9JyfaLhd2SwuMmk3V-D7cJtkEFemrqe36g42s-fGUHNN]
[static.cdninstagram.com/rsrc.php/v3iFKf4/y5/l/tr_TR/hORNHkVIIM61f8e.js]
[www.instagram.com/ustazpahrolmohamadjuoi/index9841.html]
[static.cdninstagram.com/rsrc.php/v3iGCu4/y0/l/hi_IN/hORNHkVIIM61f8e.js]
[static.cdninstagram.com/rsrc.php/v3iHyT4/yy/l/hi_IN/fEsGiEgU8nemRmmwNckqXTAMBI80zJOUIWM1noZcUzxJcA-74PaH-IBqqu8GS1T5j2KnKEpeX-SERhGhsrMaQLI7S8mNjAOqMa24qx9JyfaLhd2SwuMmk3V-D7cJtkEFemrqe36g42s-fGUHNN]
[static.cdninstagram.com/rsrc.php/v3iDq_4/ya/l/bn_IN/hORNHkVIIM61f8e.js]
[www.instagram.com/ustazpahrolmohamadjuoi/indexd294.html]
[static.cdninstagram.com/rsrc.php/v3i7MO4/yg/l/tr_TR/oL8r9iFXDEP8ey5xz6BCo3a51R3K1p1zid658N8m3aUh8rTGPh-OS5bZRXZ0dieoDr3eXbxvZDHwdxJvBVDdeB-Ica7U8qELONoBTijTTWuFol9UHvgUc8ryvLQMXSA5fZ85AcszQE6UGFnZ_0]
[static.cdninstagram.com/rsrc.php/v3ipt94/yF/l/bn_IN/wcjqhhMTq15fEsGiEgU8nemRmmwNckqXTAMBI80zJOUIWM1noZcUzxJcA-74PaH-IBKnKEpeX-SERhGhsrMaQLI7S8mNjAOqMa24qx9JyfaLhd2SwuMmk3V-D7cJtkEFemrqe36g42s-fGUHNN]
[static.cdninstagram.com/rsrc.php/v3isZH4/yf/l/tl_PH/oL8r9iFXDEP8ey5xz6BCo3a51R3K1p1zid658N8m3aUh8rTGPh-OS5bZRXZ0dieoDr3eXbxvZDHwdxJvBVDdeB-Ica7U8qELONoBTijTTWuFol9UHvgUc8ryvLQMXSA5fZ85AcszQE6UGFnZ_0]
[www.instagram.com/ustazpahrolmohamadjuoi/index0f5d.html]
[static.cdninstagram.com/rsrc.php/v3i-Bu4/yd/l/gu_IN/hORNHkVIIM61f8e.js]
[static.cdninstagram.com/rsrc.php/v3iI2C4/yI/l/hi_IN/oL8r9iFXDEP8ey5xz6BCo3a51R3K1p1zid658N8m3aUh8rTGPh-OS5bZRXZ0dieoDr3eXbxvZDHwdxJvBVDdeB-Ica7U8qELONoBTijTTWuFol9UHvgUc8ryvLQMXSA5fZ85AcszQE6UGFnZ_0]
[static.cdninstagram.com/rsrc.php/v3i6US4/yE/l/gu_IN/wcjqhhMTq15fEsGiEgU8nemRmmwNckqXTAMBI80zJOUIWM1noZcUzxJcA-74PaH-IBKnKEpeX-SERhGhsrMaQLI7S8mNjAOqMa24qx9JyfaLhd2SwuMmk3V-D7cJtkEFemrqe36g42s-fGUHNN]
[www.instagram.com/ustazpahrolmohamadjuoi/indexad0b.html]
[static.cdninstagram.com/rsrc.php/v3iwcP4/y7/l/kn_IN/hORNHkVIIM61f8e.js]
[static.cdninstagram.com/rsrc.php/v3iFfz4/yR/l/bn_IN/oL8r9iFXDEP8ey5xz6BCo3a51R3K1p1zid658N8m3aUh8rTGPh-OS5bZRXZ0dieoDr3eXbxvZDHwdxJvBVDdeB-Ica7U8qELONoBTijTTWuFol9UHvgUc8ryvLQMXSA5fZ85AcszQE6UGFnZ_0]
[static.cdninstagram.com/rsrc.php/v3iEFF4/yR/l/kn_IN/wcjqhhMTq15fEsGiEgU8nemRmmwNckqXTAMBI80zJOUIWM1noZcUzxJcA-74PaH-IBKnKEpeX-SERhGhsrMaQLI7S8mNjAOqMa24qx9JyfaLhd2SwuMmk3V-D7cJtkEFemrqe36g42s-fGUHNN]
[www.instagram.com/ustazpahrolmohamadjuoi/index5303.html]
[static.cdninstagram.com/rsrc.php/v3iwzN4/yM/l/gu_IN/oL8r9iFXDEP8ey5xz6BCo3a51R3K1p1zid658N8m3aUh8rTGPh-OS5bZRXZ0dieoDr3eXbxvZDHwdxJvBVDdeB-Ica7U8qELONoBTijTTWuFol9UHvgUc8ryvLQMXSA5fZ85AcszQE6UGFnZ_0]
[static.cdninstagram.com/rsrc.php/v3irqk4/yq/l/ml_IN/wcjqhhMTq15fEsGiEgU8nemRmmwNckqXTAMBI80zJOUIWM1noZcUzxJcA-74PaH-IBKnKEpeX-SERhGhsrMaQLI7S8mNjAOqMa24qx9JyfaLhd2SwuMmk3V-D7cJtkEFemrqe36g42s-fGUHNN]
[static.cdninstagram.com/rsrc.php/v3i_5-4/y_/l/ml_IN/hORNHkVIIM61f8e.js]
[www.instagram.com/ustazpahrolmohamadjuoi/indexdb1e.html]
[static.cdninstagram.com/rsrc.php/v3iPkc4/yI/l/mr_IN/hORNHkVIIM61f8e.js]
[static.cdninstagram.com/rsrc.php/v3iNCF4/ye/l/mr_IN/fEsGiEgU8nemRmmwNckqXTAMBI80zJOUIWM1noZcUzxJcA-74PaH-IBqqu8GS1T5j2KnKEpeX-SERhGhsrMaQLI7S8mNjAOqMa24qx9JyfaLhd2SwuMmk3V-D7cJtkEFemrqe36g42s-fGUHNN]
[static.cdninstagram.com/rsrc.php/v3iXSu4/yG/l/kn_IN/oL8r9iFXDEP8ey5xz6BCo3a51R3K1p1zid658N8m3aUh8rTGPh-OS5bZRXZ0dieoDr3eXbxvZDHwdxJvBVDdeB-Ica7U8qELONoBTijTTWuFol9UHvgUc8ryvLQMXSA5fZ85AcszQE6UGFnZ_0]
[www.instagram.com/ustazpahrolmohamadjuoi/indexe9b2.html]
[static.cdninstagram.com/rsrc.php/v3i6mI4/yI/l/ml_IN/oL8r9iFXDEP8ey5xz6BCo3a51R3K1p1zid658N8m3aUh8rTGPh-OS5bZRXZ0dieoDr3eXbxvZDHwdxJvBVDdeB-Ica7U8qELONoBTijTTWuFol9UHvgUc8ryvLQMXSA5fZ85AcszQE6UGFnZ_0]
[static.cdninstagram.com/rsrc.php/v3irFa4/yD/l/pa_IN/hORNHkVIIM61f8e.js]
[static.cdninstagram.com/rsrc.php/v3id5h4/yu/l/mr_IN/oL8r9iFXDEP8ey5xz6BCo3a51R3K1p1zid658N8m3aUh8rTGPh-OS5bZRXZ0dieoDr3eXbxvZDHwdxJvBVDdeB-Ica7U8qELONoBTijTTWuFol9UHvgUc8ryvLQMXSA5fZ85AcszQE6UGFnZ_0]
[www.instagram.com/ustazpahrolmohamadjuoi/indexff11.html]
[static.cdninstagram.com/rsrc.php/v3i7n54/yf/l/pa_IN/wcjqhhMTq15fEsGiEgU8nemRmmwNckqXTAMBI80zJOUIWM1noZcUzxJcA-74PaH-IBKnKEpeX-SERhGhsrMaQLI7S8mNjAOqMa24qx9JyfaLhd2SwuMmk3V-D7cJtkEFemrqe36g42s-fGUHNN]
[static.cdninstagram.com/rsrc.php/v3ii5Z4/yP/l/ta_IN/hORNHkVIIM61f8e.js]
[static.cdninstagram.com/rsrc.php/v3imse4/y9/l/ta_IN/wcjqhhMTq15fEsGiEgU8nemRmmwNckqXTAMBI80zJOUIWM1noZcUzxJcA-74PaH-IBKnKEpeX-SERhGhsrMaQLI7S8mNjAOqMa24qx9JyfaLhd2SwuMmk3V-D7cJtkEFemrqe36g42s-fGUHNN]
[www.instagram.com/ustazpahrolmohamadjuoi/indexf857.html]
[static.cdninstagram.com/rsrc.php/v3idlU4/y0/l/te_IN/hORNHkVIIM61f8e.js]
[static.cdninstagram.com/rsrc.php/v3iCdM4/yL/l/te_IN/wcjqhhMTq15fEsGiEgU8nemRmmwNckqXTAMBI80zJOUIWM1noZcUzxJcA-74PaH-IBKnKEpeX-SERhGhsrMaQLI7S8mNjAOqMa24qx9JyfaLhd2SwuMmk3V-D7cJtkEFemrqe36g42s-fGUHNN]
[static.cdninstagram.com/rsrc.php/v3ijXI4/yI/l/pa_IN/oL8r9iFXDEP8ey5xz6BCo3a51R3K1p1zid658N8m3aUh8rTGPh-OS5bZRXZ0dieoDr3eXbxvZDHwdxJvBVDdeB-Ica7U8qELONoBTijTTWuFol9UHvgUc8ryvLQMXSA5fZ85AcszQE6UGFnZ_0]
[www.instagram.com/ustazpahrolmohamadjuoi/index882e.html]
[static.cdninstagram.com/rsrc.php/v3iIyU4/yr/l/ne_NP/hORNHkVIIM61f8e.js]
[static.cdninstagram.com/rsrc.php/v3iSx04/yw/l/ne_NP/fEsGiEgU8nemRmmwNckqXTAMBI80zJOUIWM1noZcUzxJcA-74PaH-IBqqu8GS1T5j2KnKEpeX-SERhGhsrMaQLI7S8mNjAOqMa24qx9JyfaLhd2SwuMmk3V-D7cJtkEFemrqe36g42s-fGUHNN]
[static.cdninstagram.com/rsrc.php/v3izDu4/yM/l/ta_IN/oL8r9iFXDEP8ey5xz6BCo3a51R3K1p1zid658N8m3aUh8rTGPh-OS5bZRXZ0dieoDr3eXbxvZDHwdxJvBVDdeB-Ica7U8qELONoBTijTTWuFol9UHvgUc8ryvLQMXSA5fZ85AcszQE6UGFnZ_0]
[static.cdninstagram.com/rsrc.php/v3iC9m4/yY/l/te_IN/oL8r9iFXDEP8ey5xz6BCo3a51R3K1p1zid658N8m3aUh8rTGPh-OS5bZRXZ0dieoDr3eXbxvZDHwdxJvBVDdeB-Ica7U8qELONoBTijTTWuFol9UHvgUc8ryvLQMXSA5fZ85AcszQE6UGFnZ_0]
[www.instagram.com/ustazpahrolmohamadjuoi/index6c7f.html]
[static.cdninstagram.com/rsrc.php/v3ioM_4/yH/l/si_LK/wcjqhhMTq15fEsGiEgU8nemRmmwNckqXTAMBI80zJOUIWM1noZcUzxJcA-74PaH-IBKnKEpeX-SERhGhsrMaQLI7S8mNjAOqMa24qx9JyfaLhd2SwuMmk3V-D7cJtkEFemrqe36g42s-fGUHNN]
[static.cdninstagram.com/rsrc.php/v3ie5U4/y8/l/vi_VN/hORNHkVIIM61f8e.js]
[www.instagram.com/ustazpahrolmohamadjuoi/index327f.html]
[static.cdninstagram.com/rsrc.php/v3idIq4/yD/l/si_LK/hORNHkVIIM61f8e.js]
[static.cdninstagram.com/rsrc.php/v3iPrZ4/yz/l/vi_VN/wcjqhhMTq15fEsGiEgU8nemRmmwNckqXTAMBI80zJOUIWM1noZcUzxJcA-74PaH-IBKnKEpeX-SERhGhsrMaQLI7S8mNjAOqMa24qx9JyfaLhd2SwuMmk3V-D7cJtkEFemrqe36g42s-fGUHNN]
[static.cdninstagram.com/rsrc.php/v3iOGm4/y_/l/bg_BG/hORNHkVIIM61f8e.js]
[www.instagram.com/ustazpahrolmohamadjuoi/index3a7e.html]
[static.cdninstagram.com/rsrc.php/v3iu314/yr/l/ne_NP/oL8r9iFXDEP8ey5xz6BCo3a51R3K1p1zid658N8m3aUh8rTGPh-OS5bZRXZ0dieoDr3eXbxvZDHwdxJvBVDdeB-Ica7U8qELONoBTijTTWuFol9UHvgUc8ryvLQMXSA5fZ85AcszQE6UGFnZ_0]
[static.cdninstagram.com/rsrc.php/v3iPuq4/yK/l/bg_BG/wcjqhhMTq15fEsGiEgU8nemRmmwNckqXTAMBI80zJOUIWM1noZcUzxJcA-74PaH-IBKnKEpeX-SERhGhsrMaQLI7S8mNjAOqMa24qx9JyfaLhd2SwuMmk3V-D7cJtkEFemrqe36g42s-fGUHNN]
[static.cdninstagram.com/rsrc.php/v3iwYi4/ya/l/si_LK/oL8r9iFXDEP8ey5xz6BCo3a51R3K1p1zid658N8m3aUh8rTGPh-OS5bZRXZ0dieoDr3eXbxvZDHwdxJvBVDdeB-Ica7U8qELONoBTijTTWuFol9UHvgUc8ryvLQMXSA5fZ85AcszQE6UGFnZ_0]
[static.cdninstagram.com/rsrc.php/v3/yQ/l/0,cross/CoGhptSPU7JQlbTzI9CT8BsuxEhrmric11f8e.css]
[static.cdninstagram.com/rsrc.php/v3iMUz4/yY/l/vi_VN/oL8r9iFXDEP8ey5xz6BCo3a51R3K1p1zid658N8m3aUh8rTGPh-OS5bZRXZ0dieoDr3eXbxvZDHwdxJvBVDdeB-Ica7U8qELONoBTijTTWuFol9UHvgUc8ryvLQMXSA5fZ85AcszQE6UGFnZ_0]
[www.instagram.com/ustazpahrolmohamadjuoi/index030f.html]
[static.cdninstagram.com/rsrc.php/v3i4vH4/yN/l/fr_CA/fEsGiEgU8nemRmmwNckqXTAMBI80zJOUIWM1noZcUzxJcA-74PaH-IBKnKEpeX-SERhGhsrMaQLI7WyosPJkQjvCS8mNjAOqMa24qx9JyfaLhd2SwuMmk3V-D7cJtkEFemrqe36g42s-fGUHNN]
[static.cdninstagram.com/rsrc.php/v3iml24/yc/l/bg_BG/oL8r9iFXDEP8ey5xz6BCo3a51R3K1p1zid658N8m3aUh8rTGPh-OS5bZRXZ0dieoDr3eXbxvZDHwdxJvBVDdeB-Ica7U8qELONoBTijTTWuFol9UHvgUc8ryvLQMXSA5fZ85AcszQE6UGFnZ_0]
[www.instagram.com/ustazpahrolmohamadjuoi/indexb058.html]
[static.cdninstagram.com/rsrc.php/v3i-_d4/y0/l/fr_CA/hORNHkVIIM61f8e.js]
[static.cdninstagram.com/rsrc.php/v3iBQ64/yS/l/ro_RO/wcjqhhMTq15fEsGiEgU8nemRmmwNckqXTAMBI80zJOUIWM1noZcUzxJcA-74PaH-IBKnKEpeX-SERhGhsrMaQLI7S8mNjAOqMa24qx9JyfaLhd2SwuMmk3V-D7cJtkEFemrqe36g42s-fGUHNN]
[static.cdninstagram.com/rsrc.php/v3inn84/yp/l/ro_RO/hORNHkVIIM61f8e.js]
[www.instagram.com/ustazpahrolmohamadjuoi/index9d29.html]
[static.cdninstagram.com/rsrc.php/v3iAbA4/yr/l/sr_RS/hORNHkVIIM61f8e.js]
[static.cdninstagram.com/rsrc.php/v3i7GK4/ym/l/sr_RS/wcjqhhMTq15fEsGiEgU8nemRmmwNckqXTAMBI80zJOUIWM1noZcUzxJcA-74PaH-IBKnKEpeX-SERhGhsrMaQLI7S8mNjAOqMa24qx9JyfaLhd2SwuMmk3V-D7cJtkEFemrqe36g42s-fGUHNN]
[static.cdninstagram.com/rsrc.php/v3i8c04/yg/l/fr_CA/oL8r9iFXDEP8ey5xz6BCo3a51R3K1p1zid658N8m3aUh8rTGPh-OS5bZRXZ0dieoDr3eXbxvZDHwdxJvBVDdeB-Ica7U8qELONoBTijTTWuFol9UHvgUc8ryvLQMXSA5fZ85AcszQE6UGFnZ_0]
[www.instagram.com/ustazpahrolmohamadjuoi/index0fe5.html]
[static.cdninstagram.com/rsrc.php/v3iun44/y6/l/ro_RO/oL8r9iFXDEP8ey5xz6BCo3a51R3K1p1zid658N8m3aUh8rTGPh-OS5bZRXZ0dieoDr3eXbxvZDHwdxJvBVDdeB-Ica7U8qELONoBTijTTWuFol9UHvgUc8ryvLQMXSA5fZ85AcszQE6UGFnZ_0]
[static.cdninstagram.com/rsrc.php/v3iKRF4/yY/l/uk_UA/wcjqhhMTq15fEsGiEgU8nemRmmwNckqXTAMBI80zJOUIWM1noZcUzxJcA-74PaH-IBKnKEpeX-SERhGhsrMaQLI7S8mNjAOqMa24qx9JyfaLhd2SwuMmk3V-D7cJtkEFemrqe36g42s-fGUHNN]
[static.cdninstagram.com/rsrc.php/v3iqTe4/yt/l/uk_UA/hORNHkVIIM61f8e.js]
[www.instagram.com/ustazpahrolmohamadjuoi/index2a81.html]
[static.cdninstagram.com/rsrc.php/v3ix5h4/yi/l/zh_HK/hORNHkVIIM61f8e.js]
[static.cdninstagram.com/rsrc.php/v3i7eS4/yS/l/zh_HK/wcjqhhMTq15fEsGiEgU8nemRmmwNckqXTAMBI80zJOUIWM1noZcUzxJcA-74PaH-IBKnKEpeX-SERhGhsrMaQLI7S8mNjAOqMa24qx9JyfaLhd2SwuMmk3V-D7cJtkEFemrqe36g42s-fGUHNN]
[www.instagram.com/ustazpahrolmohamadjuoi/indexc4e8.html]
[static.cdninstagram.com/rsrc.php/v3i7Ib4/yP/l/sr_RS/oL8r9iFXDEP8ey5xz6BCo3a51R3K1p1zid658N8m3aUh8rTGPh-OS5bZRXZ0dieoDr3eXbxvZDHwdxJvBVDdeB-Ica7U8qELONoBTijTTWuFol9UHvgUc8ryvLQMXSA5fZ85AcszQE6UGFnZ_0]
[static.cdninstagram.com/rsrc.php/v3iDIJ4/yP/l/es_LA/fEsGiEgU8nemRmmwNckqXTAMBI80zJOUIWM1noZcUzxJcA-74PaH-IBKnKEpeX-SERhGhsrMaQLI7WyosPJkQjvCS8mNjAOqMa24qx9JyfaLhd2SwuMmk3V-D7cJtkEFemrqe36g42s-fGUHNN]
[static.cdninstagram.com/rsrc.php/v3ibey4/yZ/l/uk_UA/oL8r9iFXDEP8ey5xz6BCo3a51R3K1p1zid658N8m3aUh8rTGPh-OS5bZRXZ0dieoDr3eXbxvZDHwdxJvBVDdeB-Ica7U8qELONoBTijTTWuFol9UHvgUc8ryvLQMXSA5fZ85AcszQE6UGFnZ_0]
[static.cdninstagram.com/rsrc.php/v3/yU/l/0,cross/XZ1tOxRoIkHxpptZbIea1P1f8e.css]
[static.cdninstagram.com/rsrc.php/v3inY24/yh/l/zh_HK/oL8r9iFXDEP8ey5xz6BCo3a51R3K1p1zid658N8m3aUh8rTGPh-OS5bZRXZ0dieoDr3eXbxvZDHwdxJvBVDdeB-Ica7U8qELONoBTijTTWuFol9UHvgUc8ryvLQMXSA5fZ85AcszQE6UGFnZ_0]
[static.cdninstagram.com/rsrc.php/v3iSUC4/yM/l/he_IL/hORNHkVIIM61f8e.js]
[static.cdninstagram.com/rsrc.php/v3iozj4/ya/l/he_IL/wcjqhhMTq15fEsGiEgU8nemRmmwNckqXTAMBI80zJOUIWM1noZcUzxJcA-74PaH-IBKnKEpeX-SERhGhsrMaQLI7S8mNjAOqMa24qx9JyfaLhd2SwuMmk3V-D7cJtkEFemrqe36g42s-fGUHNN]
[www.instagram.com/ustazpahrolmohamadjuoi/index9c85.html]
[static.cdninstagram.com/rsrc.php/v3/yJ/l/0,cross/76Kg0gpZ0eTaHUEU_1FEHxPURlo7p3bVzWPrndevEYn8zyEpb6SJKFF1f8e.css]
[static.cdninstagram.com/rsrc.php/v3iAqX4/y2/l/es_LA/oL8r9iFXDEP8ey5xz6BCo3a51R3K1p1zid658N8m3aUh8rTGPh-OS5bZRXZ0dieoDr3eXbxvZDHwdxJvBVDdeB-Ica7U8qELONoBTijTTWuFol9UHvgUc8ryvLQMXSA5fZ85AcszQE6UGFnZ_0]
[static.cdninstagram.com/rsrc.php/v3/y_/l/1,cross/XZ1tOxRoIkHxpptZbIea1P1f8e.css]
[static.cdninstagram.com/rsrc.php/v3i1yX4/y5/l/fa_IR/hORNHkVIIM61f8e.js]
[static.cdninstagram.com/rsrc.php/v3/yQ/l/1,cross/76Kg0gpZ0eTaHUEU_1FEHxPURlo7p3bVzWPrndevEYn8zyEpb6SJKFF1f8e.css]
[www.instagram.com/ustazpahrolmohamadjuoi/indexcfe2.html]
[static.cdninstagram.com/rsrc.php/v3ixjX4/yy/l/fa_IR/fEsGiEgU8nemRmmwNckqXTAMBI80zJOUIWM1noZcUzxJcA-74PaH-IBqqu8GS1T5j2KnKEpeX-SERhGhsrMaQLI7S8mNjAOqMa24qx9JyfaLhd2SwuMmk3V-D7cJtkEFemrqe36g42s-fGUHNN]
[www.instagram.com/ustazpahrolmohamadjuoi/index562e.html]
[static.cdninstagram.com/rsrc.php/v3iijl4/y4/l/ar_AR/hORNHkVIIM61f8e.js]
[static.cdninstagram.com/rsrc.php/v3iiFc4/y2/l/ar_AR/wcjqhhMTq15fEsGiEgU8nemRmmwNckqXTAMBI80zJOUIWM1noZcUzxJcA-74PaH-IBKnKEpeX-SERhGhsrMaQLI7S8mNjAOqMa24qx9JyfaLhd2SwuMmk3V-D7cJtkEFemrqe36g42s-fGUHNN]
[static.cdninstagram.com/rsrc.php/v3iR5E4/yp/l/he_IL/oL8r9iFXDEP8ey5xz6BCo3a51R3K1p1zid658N8m3aUh8rTGPh-OS5bZRXZ0dieoDr3eXbxvZDHwdxJvBVDdeB-Ica7U8qELONoBTijTTWuFol9UHvgUc8ryvLQMXSA5fZ85AcszQE6UGFnZ_0]
[www.instagram.com/ustazpahrolmohamadjuoi/index241a.html]
[static.cdninstagram.com/rsrc.php/v3iaGC4/yO/l/ur_PK/hORNHkVIIM61f8e.js]
[static.cdninstagram.com/rsrc.php/v3i6Py4/yl/l/ur_PK/wcjqhhMTq15fEsGiEgU8nemRmmwNckqXTAMBI80zJOUIWM1noZcUzxJcA-74PaH-IBKnKEpeX-SERhGhsrMaQLI7S8mNjAOqMa24qx9JyfaLhd2SwuMmk3V-D7cJtkEFemrqe36g42s-fGUHNN]
[static.cdninstagram.com/rsrc.php/v3iUUj4/yP/l/en_GB/hORNHkVIIM61f8e.js]
[www.instagram.com/ustazpahrolmohamadjuoi/index53ad.html]
[static.cdninstagram.com/rsrc.php/v3i_uc4/yz/l/fa_IR/oL8r9iFXDEP8ey5xz6BCo3a51R3K1p1zid658N8m3aUh8rTGPh-OS5bZRXZ0dieoDr3eXbxvZDHwdxJvBVDdeB-Ica7U8qELONoBTijTTWuFol9UHvgUc8ryvLQMXSA5fZ85AcszQE6UGFnZ_0]
[static.cdninstagram.com/rsrc.php/v3iOo74/yE/l/en_GB/fEsGiEgU8nemRmmwNckqXTAMBI80zJOUIWM1noZcUzxJcA-74PaH-IBKnKEpeX-SERhGhsrMaQLI7WyosPJkQjvCS8mNjAOqMa24qx9JyfaLhd2SwuMmk3V-D7cJtkEFemrqe36g42s-fGUHNN]
[www.instagram.com/ustazpahrolmohamadjuoi/index9d00.html]
[www.instagram.com/ustazpahrolmohamadjuoi/indexf4a3.html]
[www.instagram.com/ustazpahrolmohamadjuoi/indexfafd.html]
[www.instagram.com/ustazpahrolmohamadjuoi/index514d.html]
[www.instagram.com/ustazpahrolmohamadjuoi/android-app_/com.instagram.android/https/instagram.com/_u/ustazpahrolmohamadjuoi/index.html]
[static.cdninstagram.com/rsrc.php/v3iI7x4/yM/l/ar_AR/oL8r9iFXDEP8ey5xz6BCo3a51R3K1p1zid658N8m3aUh8rTGPh-OS5bZRXZ0dieoDr3eXbxvZDHwdxJvBVDdeB-Ica7U8qELONoBTijTTWuFol9UHvgUc8ryvLQMXSA5fZ85AcszQE6UGFnZ_0]
[static.cdninstagram.com/rsrc.php/v3/yg/r/y6a-zrkW3Zq.png]
[static.cdninstagram.com/rsrc.php/v3/yS/r/j2tKuSsziq4.png]
[static.cdninstagram.com/rsrc.php/v3/y5/r/TJztmXpWTmS.png]
[static.cdninstagram.com/rsrc.php/v3/y2/r/9b8ieLAMy-I.png]
[static.cdninstagram.com/rsrc.php/v3/y8/r/ZWR9C7_JdnP.png]
[static.cdninstagram.com/rsrc.php/v3/yv/r/5WZ51EJRBPR.png]
[static.cdninstagram.com/rsrc.php/v3i4Ga4/yd/l/ur_PK/oL8r9iFXDEP8ey5xz6BCo3a51R3K1p1zid658N8m3aUh8rTGPh-OS5bZRXZ0dieoDr3eXbxvZDHwdxJvBVDdeB-Ica7U8qELONoBTijTTWuFol9UHvgUc8ryvLQMXSA5fZ85AcszQE6UGFnZ_0]
[static.cdninstagram.com/rsrc.php/v3/yL/r/unHwF9CkMyM.png]
[static.cdninstagram.com/images/assets_DO_NOT_HARDCODE/facebook_icons/app-instant-games_filled_24_primary-icon-on-media77cd.png]
[static.cdninstagram.com/images/ad_network/icon_xout_tick59d5.png]
[static.cdninstagram.com/images/ad_network/icon_xout_report8554.png]
[static.cdninstagram.com/images/ad_network/icon_xout_report_white9b3c.png]
[static.cdninstagram.com/rsrc.php/v3iHVu4/yM/l/en_GB/oL8r9iFXDEP8ey5xz6BCo3a51R3K1p1zid658N8m3aUh8rTGPh-OS5bZRXZ0dieoDr3eXbxvZDHwdxJvBVDdeB-Ica7U8qELONoBTijTTWuFol9UHvgUc8ryvLQMXSA5fZ85AcszQE6UGFnZ_0]
[static.cdninstagram.com/images/whatsapp/paid_messaging/whatsapp-chat-bgf016.png]
[static.cdninstagram.com/images/business_integrity/non_discrimination/Non_Discrimination_Headeraab0.png]
[static.cdninstagram.com/images/ad_network/ad_choices6346.png]
[static.cdninstagram.com/images/ad_network/icon_info_adchoices3150.png]
[static.cdninstagram.com/images/ad_network/icon_xout_hide_whitef570.png]
[static.cdninstagram.com/images/ad_network/icon_xout_hide60e9.png]
[static.cdninstagram.com/images/ad_network/icon_xout_ad_preferences4b5c.png]
[static.cdninstagram.com/images/mobile/partner_portal/oxsights/delete5123.png]
[static.cdninstagram.com/images/ad_network/icon_xout_adchoices6828.png]
[static.cdninstagram.com/images/assets_DO_NOT_HARDCODE/help_center_about_page_illustrations/meta-gradient-dark-modee794.png]
[static.cdninstagram.com/images/commerce_platform/shop_builder/preview-mobile-framee077.png]
[static.cdninstagram.com/images/video/onboarding/onboardingFlow-starBg65fe.png]
[static.cdninstagram.com/images/assets_DO_NOT_HARDCODE/generic_mobile_device_frame/LaptopDeviceFrameBottom_lightc3f9.png]
[static.cdninstagram.com/images/assets_DO_NOT_HARDCODE/generic_mobile_device_frame/LaptopDeviceFrameTop_darkc4db.png]
[static.cdninstagram.com/images/social_good/donation-comment-heartsc215.png]
[static.cdninstagram.com/images/login/ig-login-homepage-background7a5a.png]
[static.cdninstagram.com/images/marketing_messaging/instagram_preview_frame_4x7e73.png]
[static.cdninstagram.com/images/assets_DO_NOT_HARDCODE/community_empowerment_roles/Communities-Empowerment-Roles-Platform-Spark-New-Convo-QP-ALT-WWW_lightd127.png]
[static.cdninstagram.com/images/ad_network/icon_xout_crossf876.png]
[static.cdninstagram.com/images/ads/branded_map_pin0bcb.png]
[static.cdninstagram.com/images/instagram/xig/homepage/phones/home-phonesede0.png]
[static.cdninstagram.com/images/assets_DO_NOT_HARDCODE/generic_mobile_device_frame/LaptopDeviceFrameTop_lightce17.png]
[static.cdninstagram.com/images/marketing_messaging/messenger_preview_new_frame_4xd74d.png]
[static.cdninstagram.com/images/instagram/xig_legacy_spritesheets/sprite_coreef6e.png]
[static.cdninstagram.com/images/mobile/partner_portal/oxsights/share_customb97c.png]
[static.cdninstagram.com/images/video/player_redesign/bottom_gradientf183.png]
[static.cdninstagram.com/images/social_good/fundraiser/fundraiser-jar2400.png]
[static.cdninstagram.com/images/assets_DO_NOT_HARDCODE/generic_mobile_device_frame/LaptopDeviceFrameBottom_darkf6be.png]
[static.cdninstagram.com/images/mobile/partner_portal/oxsights/share_darke074.png]
[static.cdninstagram.com/images/mobile/partner_portal/oxsights/delete_dark0171.png]
[static.cdninstagram.com/images/instagram/xig_legacy_spritesheets/sprite_core_2x89ea.png]
[static.cdninstagram.com/images/instagram/xig/homepage/phones/home-phones-2xeb0e.png]
[static.cdninstagram.com/rsrc.php/v3/ym/l/0,cross/CoGhptSPU7JQlbTzI9CT8B1f8e.css]
[www.instagram.com/ustazpahrolmohamadjuoi/Firefox/index.html]
[static.cdninstagram.com/rsrc.php/v3/yd/r/J6uH6YN8ptN1f8e.js]
[www.instagram.com/ustazpahrolmohamadjuoi/Edg/index.html]
[www.instagram.com/ustazpahrolmohamadjuoi/Chrome/index.html]
[www.instagram.com/ustazpahrolmohamadjuoi/CriOS/index.html]
[www.instagram.com/ustazpahrolmohamadjuoi/Safari/index.html]
[www.instagram.com/ustazpahrolmohamadjuoi/Version/index.html]
[www.instagram.com/ustazpahrolmohamadjuoi/chrome-extension_/index.html]
[www.instagram.com/ustazpahrolmohamadjuoi/GET/index.html]
[www.instagram.com/ustazpahrolmohamadjuoi/rsrc-translations.php/index.html]
[www.instagram.com/ustazpahrolmohamadjuoi/^([^_/indexd41d.html]
[static.cdninstagram.com/rsrc.php/v3ithA4/yF/l/en_US/hORNHkVIIM61f8e.js]
[www.instagram.com/ustazpahrolmohamadjuoi/l/index.html]
[www.instagram.com/ustazpahrolmohamadjuoi/d.name/index.html]
[www.instagram.com/lookaside/crawler/instagram/{username}/profile_pic.ea.delayed]
