[www.facebook.com/p/Pahrol-Mohamad-Juoi-100044565273731/index9304.html]
[backblue.gif]
[fade.gif]
[index.html]
[scontent.fkul8-5.fna.fbcdn.net/v/t39.30808-1/411671282_894072455421589_6153929609391115628_n39d1.jpg]
[static.xx.fbcdn.net/rsrc.php/v3/yE/l/0,cross/DC09RM2jTxC1f8e.css]
[static.xx.fbcdn.net/rsrc.php/v3/yd/r/J6uH6YN8ptN1f8e.js]
[static.xx.fbcdn.net/rsrc.php/v3i0um4/yY/l/ms_MY/_PXbEMju8fb1f8e.js]
[static.xx.fbcdn.net/rsrc.php/v3iGFd4/y4/l/ms_MY/o9EQI3RPM1o1f8e.js]
[static.xx.fbcdn.net/rsrc.php/v3ifh24/yH/l/ms_MY/cCC7heztcRQ1f8e.js]
[static.xx.fbcdn.net/rsrc.php/v3iFlS4/yc/l/ms_MY/L_Q7EqH_uYabVpPGCTai5Fvr8ihReOCEmAW87EauwWUrz8zs4g7dXRIxvhYhGLwC4oSlcn4yNZpbAFe_gJQZrBh5h-E0Y_6P2S-Mq7wHivFOl7zW39xstWYoIfWxL1rr0Obq1f8e.js]
[static.xx.fbcdn.net/rsrc.php/v3ibup4/yh/l/ms_MY/uuE0JgWGKfy1f8e.js]
[static.xx.fbcdn.net/rsrc.php/v3iYwL4/yn/l/ms_MY/uJI4vXWyuE44X0Pw-TAsvyv5OlOV3OG99CRealkHWkmApOcBc5tVZ0hXKJmDV2asqHqVLcwIueijTDYvatkvPhoOiWdOEs54GVebejjF0hhZAw2SwuMmk3V-DQNX7L9sVBep1Rdzuzi16ygGc1wa-O]
[static.xx.fbcdn.net/rsrc.php/v3/yZ/r/dQ8-bsVFFVS1f8e.js]
[static.xx.fbcdn.net/rsrc.php/v3iqot4/yL/l/ms_MY/5kqKvUTI8Th1f8e.js]
[static.xx.fbcdn.net/rsrc.php/v3ijz64/yK/l/ms_MY/CUt_9_gfvOrrEJHSWXTk8vXqF-28TjydeWILaDyTdOZA1f8e.js]
[static.xx.fbcdn.net/rsrc.php/v3ifTe4/yT/l/ms_MY/VXt6vlQsYgL1f8e.js]
[static.xx.fbcdn.net/rsrc.php/v3i0I84/yC/l/ms_MY/Kfs_Rm3866U1f8e.js]
[static.xx.fbcdn.net/rsrc.php/v3i_j64/yC/l/ms_MY/zMkxwf0vC0WtoYQzb8Z-vMxV1EFaZzH_hXgjxOZ-_U7a8O0FwF42MYvHidVTgbrSCilh6jit1ncqc1f8e.js]
[static.xx.fbcdn.net/rsrc.php/v3iLUc4/y4/l/ms_MY/eNag0iMG3NV1f8e.js]
[static.xx.fbcdn.net/rsrc.php/v3i_gL4/y2/l/ms_MY/mkxOCTgTzd71f8e.js]
[static.xx.fbcdn.net/rsrc.php/v3/yD/r/fZ9kli5zFCI1f8e.js]
[static.xx.fbcdn.net/rsrc.php/v3iwgN4/y6/l/ms_MY/6Tm57NirqCt1f8e.js]
[static.xx.fbcdn.net/rsrc.php/v3imQE4/y3/l/ms_MY/q9G_HHxy-wDr_i2iEXo13-K6zwWHN7946_s-WrgVtL_O4TGr8NVQIMEh5bjod9Ki8-3AcSV1GJLuDsbq5Hgj_hrLkNkYY8jZuVHuwwDateX8xhlCwNBj3rf8y8nScjVqE0xb_HmQ2JWvIJ2QWI7_E7]
[www.facebook.com/p/Pahrol-Mohamad-Juoi-100044565273731/index9304.html]
[static.xx.fbcdn.net/rsrc.php/v3/yL/r/unHwF9CkMyM.png]
[static.xx.fbcdn.net/rsrc.php/v3/yD/r/ao6H2M-nYik.png]
[static.xx.fbcdn.net/rsrc.php/v3/yd/r/LODYhkSZb76.png]
[static.xx.fbcdn.net/rsrc.php/v3/yi/r/kdflEA_aesP.png]
[static.xx.fbcdn.net/rsrc.php/v3/yn/r/EOUF3oTXGiI.png]
[static.xx.fbcdn.net/rsrc.php/v3/yi/r/3iLKL62SETg.png]
[static.xx.fbcdn.net/rsrc.php/v3/yN/r/FRsUzm-CL-x.png]
[static.xx.fbcdn.net/rsrc.php/v3/yG/r/vWMei4V5WSV.png]
[static.xx.fbcdn.net/rsrc.php/v3/yg/r/HScfXwW-eBV.png]
[static.xx.fbcdn.net/rsrc.php/v3/yM/r/EjrwCu92I94.gif]
[static.xx.fbcdn.net/rsrc.php/v3/yp/r/asdqGxXdj9t.png]
[static.xx.fbcdn.net/rsrc.php/v3/yp/r/SKpyvX_8tdR.png]
[static.xx.fbcdn.net/rsrc.php/v3/yP/r/UxH_3DJCcJm.png]
[static.xx.fbcdn.net/rsrc.php/v3/yC/r/SRtdZ-oOCib.png]
[static.xx.fbcdn.net/rsrc.php/v3/yR/r/t_ypWTP3qjH.png]
[static.xx.fbcdn.net/rsrc.php/v3/yv/r/Lp3IBW64oto.png]
[static.xx.fbcdn.net/rsrc.php/v3/yR/r/7JhrtkiP9d_.png]
[static.xx.fbcdn.net/rsrc.php/v3/yu/r/CTyurSF9YCT.png]
[static.xx.fbcdn.net/rsrc.php/v3/yF/r/JDoUqW-niTA.png]
[static.xx.fbcdn.net/rsrc.php/v3/yU/r/Er6eGbEPCv-.png]
[static.xx.fbcdn.net/rsrc.php/v3/yt/r/ag-Kz-WMvnK.png]
[static.xx.fbcdn.net/rsrc.php/v3/y8/r/JTk0W247Kwz.png]
[static.xx.fbcdn.net/rsrc.php/v3/yx/r/sSAFPbF_1O8.png]
[static.xx.fbcdn.net/rsrc.php/v3/y-/r/Wbk-2MVpZMY.png]
[static.xx.fbcdn.net/rsrc.php/v3/yr/r/tPqEYRQHWsa.png]
[static.xx.fbcdn.net/rsrc.php/v3/yS/r/6wVtOkt39Vw.png]
[static.xx.fbcdn.net/rsrc.php/v3/yM/r/urKoO21gCSk.png]
[static.xx.fbcdn.net/rsrc.php/v3/yE/l/0,cross/DC09RM2jTxC1f8e.css]
[static.xx.fbcdn.net/rsrc.php/v3/yd/r/J6uH6YN8ptN1f8e.js]
[www.facebook.com/p/Pahrol-Mohamad-Juoi-100044565273731/chrome-extension_/index.html]
[www.facebook.com/images/profile/picture/silhouette/profile-default_180_light.png]
[static.xx.fbcdn.net/rsrc.php/v3iYwL4/yn/l/ms_MY/uJI4vXWyuE44X0Pw-TAsvyv5OlOV3OG99CRealkHWkmApOcBc5tVZ0hXKJmDV2asqHqVLcwIueijTDYvatkvPhoOiWdOEs54GVebejjF0hhZAw2SwuMmk3V-DQNX7L9sVBep1Rdzuzi16ygGc1wa-O]
[static.xx.fbcdn.net/rsrc.php/v3i0um4/yY/l/ms_MY/_PXbEMju8fb1f8e.js]
[static.xx.fbcdn.net/rsrc.php/v3iGFd4/y4/l/ms_MY/o9EQI3RPM1o1f8e.js]
[static.xx.fbcdn.net/rsrc.php/v3ifh24/yH/l/ms_MY/cCC7heztcRQ1f8e.js]
[scontent.xx.fbcdn.net/hads-ak-prn2/1487645_6012475414660_1439393861_n.png]
[static.xx.fbcdn.net/rsrc.php/v3iFlS4/yc/l/ms_MY/L_Q7EqH_uYabVpPGCTai5Fvr8ihReOCEmAW87EauwWUrz8zs4g7dXRIxvhYhGLwC4oSlcn4yNZpbAFe_gJQZrBh5h-E0Y_6P2S-Mq7wHivFOl7zW39xstWYoIfWxL1rr0Obq1f8e.js]
[static.xx.fbcdn.net/rsrc.php/v3ibup4/yh/l/ms_MY/uuE0JgWGKfy1f8e.js]
[static.xx.fbcdn.net/rsrc.php/v3/yZ/r/dQ8-bsVFFVS1f8e.js]
[static.xx.fbcdn.net/rsrc.php/v3iqot4/yL/l/ms_MY/5kqKvUTI8Th1f8e.js]
[static.xx.fbcdn.net/rsrc.php/v3ijz64/yK/l/ms_MY/CUt_9_gfvOrrEJHSWXTk8vXqF-28TjydeWILaDyTdOZA1f8e.js]
[static.xx.fbcdn.net/rsrc.php/v3i0I84/yC/l/ms_MY/Kfs_Rm3866U1f8e.js]
[static.xx.fbcdn.net/rsrc.php/v3ifTe4/yT/l/ms_MY/VXt6vlQsYgL1f8e.js]
[static.xx.fbcdn.net/rsrc.php/v3i_j64/yC/l/ms_MY/zMkxwf0vC0WtoYQzb8Z-vMxV1EFaZzH_hXgjxOZ-_U7a8O0FwF42MYvHidVTgbrSCilh6jit1ncqc1f8e.js]
[static.xx.fbcdn.net/rsrc.php/v3iLUc4/y4/l/ms_MY/eNag0iMG3NV1f8e.js]
[static.xx.fbcdn.net/rsrc.php/v3i_gL4/y2/l/ms_MY/mkxOCTgTzd71f8e.js]
[static.xx.fbcdn.net/rsrc.php/v3/yD/r/fZ9kli5zFCI1f8e.js]
[static.xx.fbcdn.net/rsrc.php/v3imQE4/y3/l/ms_MY/q9G_HHxy-wDr_i2iEXo13-K6zwWHN7946_s-WrgVtL_O4TGr8NVQIMEh5bjod9Ki8-3AcSV1GJLuDsbq5Hgj_hrLkNkYY8jZuVHuwwDateX8xhlCwNBj3rf8y8nScjVqE0xb_HmQ2JWvIJ2QWI7_E7]
[static.xx.fbcdn.net/rsrc.php/v3iwgN4/y6/l/ms_MY/6Tm57NirqCt1f8e.js]
[www.facebook.com/p/Pahrol-Mohamad-Juoi-100044565273731/Firefox/index.html]
[www.facebook.com/p/Pahrol-Mohamad-Juoi-100044565273731/Edg/index.html]
[www.facebook.com/p/Pahrol-Mohamad-Juoi-100044565273731/Chrome/index.html]
[www.facebook.com/p/Pahrol-Mohamad-Juoi-100044565273731/CriOS/index.html]
[www.facebook.com/p/Pahrol-Mohamad-Juoi-100044565273731/Safari/index.html]
[www.facebook.com/p/Pahrol-Mohamad-Juoi-100044565273731/Version/index.html]
[www.facebook.com/p/Pahrol-Mohamad-Juoi-100044565273731/chrome-extension_/index.html]
[www.facebook.com/p/Pahrol-Mohamad-Juoi-100044565273731/^([^_/indexd41d.html]
[www.facebook.com/p/Pahrol-Mohamad-Juoi-100044565273731/ABCDEFGHIJKLMNOPQRSTUVWXYZabcdefghijklmnopqrstuvwxyz0123456789+/index.html]
[www.facebook.com/p/Pahrol-Mohamad-Juoi-100044565273731/l/index.html]
[www.facebook.com/p/Pahrol-Mohamad-Juoi-100044565273731/$&/index.html]
