[komikm.com/penulis/ustaz-pahrol-mohamad-juoi.html]
[backblue.gif]
[fade.gif]
[index.html]
[komikm.com/assets/images/komikm_icon.png]
[komikm.com/assets/og_komikm.png]
[komikm.com/assets/default.css]
[komikm.com/assets/komikm2021-11.css]
[code.jquery.com/jquery-3.6.0.min.js]
[cdnjs.cloudflare.com/ajax/libs/animate.css/4.1.1/animate.min.css]
[platform-api.sharethis.com/js/sharethis.js]
[komikm.com/assets/images/komikm_logo2020.png]
[pts.com.my/assets/book_cover/_crop/Front_cover.jpg]
[komikm.com/penulis/ustaz-pahrol-mohamad-juoi.html]
[komikm.com/assets/default.css]
[cdnjs.cloudflare.com/ajax/libs/font-awesome/5.15.4/css/all.min.css]
[cdnjs.cloudflare.com/ajax/libs/font-awesome/6.4.2/css/all.min.css]
[komikm.com/assets/images/komikm_bg2020-1.png]
[komikm.com/assets/images/komikm_title.png]
[komikm.com/assets/komikm2021-11.css]
[cdnjs.cloudflare.com/ajax/libs/animate.css/4.1.1/animate.min.css]
[cdnjs.cloudflare.com/ajax/libs/font-awesome/5.15.4/css/all.min.css]
[cdnjs.cloudflare.com/ajax/libs/font-awesome/6.4.2/css/all.min.css]
